Copyright 1986-2018 Xilinx, Inc. All Rights Reserved.
----------------------------------------------------------------------------------------
| Tool Version : Vivado v.2018.2 (win64) Build 2258646 Thu Jun 14 20:03:12 MDT 2018
| Date         : Sat Mar  8 20:19:02 2025
| Host         : NeerajPC running 64-bit major release  (build 9200)
| Command      : report_control_sets -verbose -file Top_Student_control_sets_placed.rpt
| Design       : Top_Student
| Device       : xc7a35t
----------------------------------------------------------------------------------------

Control Set Information

Table of Contents
-----------------
1. Summary
2. Histogram
3. Flip-Flop Distribution
4. Detailed Control Set Information

1. Summary
----------

+----------------------------------------------------------+-------+
|                          Status                          | Count |
+----------------------------------------------------------+-------+
| Number of unique control sets                            |    36 |
| Unused register locations in slices containing registers |    88 |
+----------------------------------------------------------+-------+


2. Histogram
------------

+--------+--------------+
| Fanout | Control Sets |
+--------+--------------+
|      2 |            3 |
|      4 |            2 |
|      6 |            2 |
|      8 |            1 |
|     10 |            2 |
|     12 |            2 |
|     14 |            5 |
|    16+ |           19 |
+--------+--------------+


3. Flip-Flop Distribution
-------------------------

+--------------+-----------------------+------------------------+-----------------+--------------+
| Clock Enable | Synchronous Set/Reset | Asynchronous Set/Reset | Total Registers | Total Slices |
+--------------+-----------------------+------------------------+-----------------+--------------+
| No           | No                    | No                     |             124 |           37 |
| No           | No                    | Yes                    |              64 |           12 |
| No           | Yes                   | No                     |             700 |           91 |
| Yes          | No                    | No                     |             118 |           16 |
| Yes          | No                    | Yes                    |             114 |           22 |
| Yes          | Yes                   | No                     |              64 |           10 |
+--------------+-----------------------+------------------------+-----------------+--------------+


4. Detailed Control Set Information
-----------------------------------

+--------------------+-----------------------------------+--------------------------------------------------+------------------+----------------+
|    Clock Signal    |           Enable Signal           |                 Set/Reset Signal                 | Slice Load Count | Bel Load Count |
+--------------------+-----------------------------------+--------------------------------------------------+------------------+----------------+
|  part_c/clock_15Hz |                                   |                                                  |                1 |              2 |
|  clk1khz_BUFG      |                                   | subtask_reset                                    |                1 |              2 |
| ~clk6p25m_BUFG     |                                   |                                                  |                1 |              2 |
|  clk6p25m_BUFG     |                                   |                                                  |                2 |              4 |
|  part_c/clock_45Hz |                                   | subtask_reset                                    |                1 |              4 |
|  part_c/clock_15Hz |                                   | subtask_reset                                    |                3 |              6 |
|  clk1khz_BUFG      | SubTaskA/p_5_in                   |                                                  |                1 |              6 |
|  clk_IBUF_BUFG     | square_movement/p_0_in            |                                                  |                1 |              8 |
|  part_c/clock_15Hz | part_c/stage5/start               | subtask_reset                                    |                1 |             10 |
|  clk1khz_BUFG      | SubTaskA/debounce_counter         | SubTaskA/debounce_counter[6]_i_1_n_0             |                2 |             10 |
|  part_c/clock_45Hz | part_c/stage1/moving              | subtask_reset                                    |                2 |             12 |
|  clk_IBUF_BUFG     | square_movement/green_y           | btnC_IBUF                                        |                3 |             12 |
|  part_c/clock_15Hz | part_c/stage3/start               | subtask_reset                                    |                3 |             14 |
|  part_c/clock_15Hz | part_c/stage4/start               | subtask_reset                                    |                3 |             14 |
|  part_c/clock_15Hz | part_c/stage6/start               | part_c/stage6/box6_xmax[6]_i_1_n_0               |                3 |             14 |
|  part_c/clock_45Hz | part_c/stage2/start               | subtask_reset                                    |                2 |             14 |
|  clk_IBUF_BUFG     | square_movement/green_x           | btnC_IBUF                                        |                3 |             14 |
|  clk1khz_BUFG      | SubTaskA/outerDiameter            | subtask_reset                                    |                5 |             24 |
|  clk_IBUF_BUFG     |                                   |                                                  |                8 |             26 |
| ~clk6p25m_BUFG     |                                   | oled/frame_counter[16]_i_1_n_0                   |                5 |             34 |
|  clk1khz_BUFG      |                                   |                                                  |                7 |             38 |
| ~clk6p25m_BUFG     | oled/delay[0]_i_1_n_0             |                                                  |                5 |             40 |
|  clk_IBUF_BUFG     | part_c/db/count[0]_i_2_n_0        | part_c/db/clear                                  |                5 |             40 |
|  Clock_25_MHz/CLK  |                                   |                                                  |               18 |             52 |
|  clk_IBUF_BUFG     |                                   | btnC_IBUF                                        |                7 |             52 |
|  clk6p25m_BUFG     |                                   | part_c/counter_15Hz[0]_i_1_n_0                   |                8 |             64 |
|  clk6p25m_BUFG     |                                   | part_c/counter_45Hz[0]_i_1_n_0                   |                8 |             64 |
| ~clk6p25m_BUFG     | oled/FSM_onehot_state[31]_i_1_n_0 |                                                  |                9 |             64 |
|  clk_IBUF_BUFG     |                                   | select_frequency/Clock_10_Hz/count[0]_i_1__0_n_0 |                8 |             64 |
|  clk_IBUF_BUFG     |                                   | Clock_1_kHz/clear                                |                8 |             64 |
|  clk_IBUF_BUFG     |                                   | Clock_25_MHz/clear                               |                8 |             64 |
|  clk_IBUF_BUFG     |                                   | Clock_6_25_MHz/clear                             |                8 |             64 |
|  clk_IBUF_BUFG     |                                   | select_frequency/Clock_1_Hz/count[0]_i_1__1_n_0  |                8 |             64 |
|  clk_IBUF_BUFG     |                                   | select_frequency/Clock_5_Hz/clear                |                8 |             64 |
|  clk_IBUF_BUFG     |                                   | select_frequency/Clock_8_Hz/count[0]_i_1__2_n_0  |                8 |             64 |
| ~clk6p25m_BUFG     |                                   | oled/spi_word[39]_i_1_n_0                        |               14 |             90 |
+--------------------+-----------------------------------+--------------------------------------------------+------------------+----------------+


